***A***
OUR COMMITS:
 Commit 1:
  Offered htlcs: 1 3
  Received htlcs:
  SIGNED
THEIR COMMITS:
 Commit 2:
  Offered htlcs:
  Received htlcs: 1 3
  SIGNED
***B***
OUR COMMITS:
 Commit 2:
  Offered htlcs:
  Received htlcs: 1 3
  SIGNED
THEIR COMMITS:
 Commit 1:
  Offered htlcs: 1 3
  Received htlcs:
  SIGNED
