***A***
LOCAL COMMITS:
 Commit 1:
  Offered htlcs: 1 3
  Received htlcs:
  SIGNED
REMOTE COMMITS:
 Commit 2:
  Offered htlcs:
  Received htlcs: 1 3
  SIGNED
***B***
LOCAL COMMITS:
 Commit 2:
  Offered htlcs:
  Received htlcs: 1 3
  SIGNED
REMOTE COMMITS:
 Commit 1:
  Offered htlcs: 1 3
  Received htlcs:
  SIGNED
