***A***
LOCAL COMMITS:
 Commit 1:
  Offered htlcs:
  Received htlcs:
  Fee level 2
  SIGNED
REMOTE COMMITS:
 Commit 1:
  Offered htlcs:
  Received htlcs:
  SIGNED
***B***
LOCAL COMMITS:
 Commit 1:
  Offered htlcs:
  Received htlcs:
  SIGNED
REMOTE COMMITS:
 Commit 1:
  Offered htlcs:
  Received htlcs:
  Fee level 2
  SIGNED
